// Jest Snapshot v1, https://goo.gl/fbAQLP

exports[`renders correctly 1`] = `
<div
  className="jumbotron"
>
  <h2
    className="display-5 jumbotitle text-primary"
  >
    SmartGatsby
  </h2>
  <p
    className="lead"
  >
    Built with Gatsby
  </p>
  <hr
    className="my-4"
  />
  <p>
    A Gatsby template that makes use of Bootstrap 5 and TypeScript
  </p>
  <a
    className="btn btn-primary btn-lg"
    href="#"
    role="button"
  >
    Login
  </a>
</div>
`;
